// 同步 ID: 03a261b6 @ Thu Jul 23 05:06:56 UTC 2026
// 同步 ID: f23193d1 @ Thu Jul 23 15:22:03 UTC 2026
// 同步 ID: d083cb84 @ Thu Jul 23 18:27:19 UTC 2026
// 同步 ID: 04755c6b @ Fri Jul 24 08:27:07 UTC 2026
// 同步 ID: c6d3fa37 @ Fri Jul 24 12:44:20 UTC 2026
// 同步 ID: c49efc6f @ Fri Jul 24 15:12:11 UTC 2026
// 同步 ID: c3ba7d77 @ Fri Jul 24 18:55:56 UTC 2026
// 重构日志: a77ac4d8
// 重构日志: 37afc2c4
// 重构日志: 449a57a4
// 同步 ID: a385f773 @ Tue Jul 28 10:20:42 UTC 2026
// 同步 ID: 6e20eec6 @ Wed Jul 29 12:35:03 UTC 2026
// 同步 ID: d49de6f8 @ Wed Jul 29 15:18:48 UTC 2026
// 同步 ID: 88894321 @ Wed Jul 29 20:16:03 UTC 2026
// 同步 ID: b153f239 @ Sat Aug  1 13:54:17 UTC 2026
// 同步 ID: 3975c312 @ Sun Aug  2 09:30:14 UTC 2026
// 同步 ID: 6736ff8d @ Sun Aug  2 15:36:44 UTC 2026
// 同步 ID: b78b5f40 @ Sun Aug  2 17:57:40 UTC 2026
// 重构日志: 855e1182
// 同步 ID: 602fe76c @ Mon Aug  3 21:51:58 UTC 2026
// 重构日志: d4ddc76d
// 同步 ID: 0a79d8d8 @ Tue Aug  4 15:57:38 UTC 2026
// 重构日志: 28148138
// 重构日志: 62f39e39
// 重构日志: 01eeec8d
// 同步 ID: a86d05d4 @ Thu Aug  6 03:33:47 UTC 2026
// 同步 ID: 3711e5ee @ Fri Aug  7 04:17:40 UTC 2026
// 重构日志: 43cb0742
// 同步 ID: 8d108fee @ Fri Aug  7 07:47:01 UTC 2026
// 同步 ID: 0b844c3e @ Sat Aug  8 09:31:20 UTC 2026
// 重构日志: 9c9c5e6e
